<?php return array (
  0 => 'Symfony\\Bundle\\FrameworkBundle\\Controller\\Controller',
  1 => 'AcceuilBundle\\Controller\\DefaultController',
  2 => 'AcceuilBundle\\Controller\\PostController',
  3 => 'AcceuilBundle\\Entity\\Post',
  4 => 'AcceuilBundle\\Entity\\User',
  5 => 'AppBundle\\Controller\\DefaultController',
  6 => 'Doctrine\\Bundle\\DoctrineBundle\\Controller\\ProfilerController',
  7 => 'FOS\\UserBundle\\Controller\\ChangePasswordController',
  8 => 'FOS\\UserBundle\\Controller\\GroupController',
  9 => 'FOS\\UserBundle\\Controller\\ProfileController',
  10 => 'FOS\\UserBundle\\Controller\\RegistrationController',
  11 => 'FOS\\UserBundle\\Controller\\ResettingController',
  12 => 'FOS\\UserBundle\\Controller\\SecurityController',
  14 => 'Symfony\\Bundle\\FrameworkBundle\\Controller\\ControllerNameParser',
  15 => 'Symfony\\Bundle\\FrameworkBundle\\Controller\\ControllerResolver',
  16 => 'Symfony\\Bundle\\FrameworkBundle\\Controller\\RedirectController',
  17 => 'Symfony\\Bundle\\FrameworkBundle\\Controller\\TemplateController',
  18 => 'Symfony\\Bundle\\TwigBundle\\Controller\\ExceptionController',
  19 => 'Symfony\\Bundle\\TwigBundle\\Controller\\PreviewErrorController',
  20 => 'Symfony\\Bundle\\WebProfilerBundle\\Controller\\ExceptionController',
  21 => 'Symfony\\Bundle\\WebProfilerBundle\\Controller\\ProfilerController',
  22 => 'Symfony\\Bundle\\WebProfilerBundle\\Controller\\RouterController',
);